<!DOCTYPE html>
<html>
<head>
<title>Template2</title>
<link rel="stylesheet" href="css/hello.css">
</head>
<body>
<!-- ****************************Header Start**************************************-->
<!-- *************************************************************************** -->
<div class="header">
	<div>
		<img src="img/img11.png">
	</div>
	<div class="container nav">
			<div class="nav-logo">
				<h2>Golden</h2>
			</div>
		<div class="nav-links"> 
			<ul>
				<li><a href="#">HOME</a></li>
				<li><a href="#">SERVICES</a></li>
				<li><a href="#">PORTFOLIO</a></li>
				<li><a href="#">ABOUT</a></li>
				<li><a href="#">CONTACT</a></li>
			</ul>
		</div> 
			<div class="clear"></div> 
	</div>
</div>
	<div class="header-content">
		<h3>Welcome To Our Studio!</h3>
		<h2>IT’S NICE TO MEET YOU</h2>
		<a>TELL ME MORE</a>
	</div>

<!-- ****************************Header End**************************************-->
<!-- ************************** Services sec start***********************************-->
<div class="container">
	<div class="services-heading">
		<h5>SERVICES</h5>
		<p>Proin iaculis purus consequat sem cure. 
	</div>
	<section class="services">
		<div class="section">
				<img src="img/Icon-Basket.png">
				<h4>E-Commerce</h4>
				<p>Proin iaculis purus consequat sem cure 
				digni ssim. Donec porttitora entum suscipit 
				aenean rhoncus posuere odio in tincidunt.</p>
		</div>
		<div class="section">
				<img src="img/Icon-Laptop.png">
				<h4>Responsive Web</h4>
				<p>Proin iaculis purus consequat sem cure 
				digni ssim. Donec porttitora entum suscipit 
				aenean rhoncus posuere odio in tincidunt.</p>
		</div>
		<div class="section">
				<img src="img/Icon-Locked.png">
				<h4>Web Security</h4>
				<p>Proin iaculis purus consequat sem cure 
				digni ssim. Donec porttitora entum suscipit 
				aenean rhoncus posuere odio in tinciduntcontainer1.</p>
		</div><div class="clear"></div> 
	</section>
</div>		
<!-- ************************** Services sec end************************************-->
<!-- ************************** Portfolio sec start***********************************-->
<article class="portfolio">
	<div class="container ">
	<div class="portfolio-heading">
		<h2>OUR PORTFOLIO</h2>
		<p>Proin iaculis purus consequat sem cure. </p>
	</div>
	<div class="coimg-gallary">
		<div class="img-sec">
				<div>
					<img src="img/Untitled-1.png">
				</div>
				<div class="img-info">
					<h4>Ebony & Ivory</h4>
					<h6>Branding</h6>
				</div>
		</div>
		<div class="img-sec">
				<div class="title">
					<img src="img/Untitled-2.png">
				</div>
				<div class="img-info">
					<h4>Smart Stationary</h4>
					<h6>Print Design</h6>
				</div>
		</div>
		<div class="img-sec">
				<div>
					<img src="img/Untitled-3.png">
				</div>
				<div class="img-info">
					<h4>Clever Poster</h4>
					<h6>Print Design</h6>
				</div>
		</div><div class="clear"></div> 
		<div class="img-sec">
				<div>
					<img src="img/Untitled-4.png">
				</div>
				<div class="img-info">
					<h4>Vinyl Record</h4>
					<h6>Product Mock-Up</h6>
				</div>
		</div>
		<div class="img-sec">
				<div>
					<img src="img/Untitled-5.png">
				</div>
				<div class="img-info">
					<h5>Treehouse Template</h5>
					<h6>Web Design</h6>
				</div>
		</div>
		<div class="img-sec">
				<div>
					<img src="img/Untitled-6.png">
				</div>
				<div class="img-info">
					<h4>Burned Logo</h4>
					<h6>Branding</h6>
				</div>
		</div>
	</div>
</div>
</article>
<!-- ************************** Portfolio sec end***********************************-->
<!-- ************************** About sec start************************************-->
<article class="about">
		<div class= "about-heading">
			<h2>ABOUT US</h2>
			<p>Proin iaculis purus consequat sem cure. </p>
		</div>
		<section class="container about-us-gallary">
				<div class="about-img-pic">
						<div class="about-info">
							<h3>JULY 2010 </h3><h3>Our Humble Beginnings</h3>
							<p>Proin iaculis purus consequat sem cure 
						digni ssim. Donec porttitora entum suscipit 
						aenean rhoncus posuere odio in tincidunt. Proin 
						iaculis purus consequat sem cure digni 
						ssim. Donec porttitora entum suscipit.</p>
						</div>
						<div class="about-img">
							<img src="img/Image10.png">
						</div>
						<div class="clear"></div> 
				</div>
				<div class="about-img-pic1">
						<div class="about-img1">
							<img src="img/Image11.png">
						</div>
						<div class="about-info1">
							<h3>JANUARY 2011</h3><h3> Facing Startup Battles </h3>
							<p>Proin iaculis purus consequat sem cure 
							digni ssim. Donec porttitora entum suscipit 
							aenean rhoncus posuere odio in tincidunt. Proin 
							iaculis purus consequat sem cure digni 
							ssim. Donec porttitora entum suscipit.</p>
							</div>
						<div class="clear"></div> 
				</div>
				<div class="about-img-pic">
						<div class="about-info">
								<h3>DECEMBER 2012</h3><h3> Enter The Dark Days	</h3>
								<p>Proin iaculis purus consequat sem cure 
								digni ssim. Donec porttitora entum suscipit 
								aenean rhoncus posuere odio in tincidunt. Proin 
								iaculis purus consequat sem cure digni 
								ssim. Donec porttitora entum suscipit.</p>
						</div>
						<div class="about-img">
							<img src="img/Image10.png">
						</div>
						<div class="clear"></div> 
				</div>
				<div class="about-img-pic1">
						<div class="about-img1">
							<img src="img/Image13.png">
						</div>
						<div class="about-info1">
							<h3>FEBRUARY 2014</h3><h3> Our Triumph</h3>
							<p>Proin iaculis purus consequat sem cure 
						digni ssim. Donec porttitora entum suscipit 
						aenean rhoncus posuere odio in tincidunt. Proin 
						iaculis purus consequat sem cure digni 
						ssim. Donec porttitora entum suscipit.</p>
						</div>
						<div class="clear"></div> 
				</div>
				<div class="about-img2">
						<img src="img/Our-Story-Continues-..png">
				</div>	
					<div class="clear"></div> 
				</section>
</article>	
<!-- ************************** About sec end************************************-->
<!-- ************************** Team sec start************************************-->
<article class="team-membr">
		<div class="container team-info">
				<h3>OUR AMAZING TEAM</h3>			
				<p>Proin iaculis purus consequat sem cure. </p>
		</div>
		<div class="container team1">
				<div class="team-img-info">
							<div class="hello1">
							<img src="img/KK.jpg"></div>
							<div class="team-a">
							<h6>Kimberly Thompson</h6>
							<p>Marketer</p></div>
							<div class="logo">
							<img src="img/Twitter.png">
							<img src="img/Facebook.png">
							<img src="img/Pinterest.png">
							</div>
				</div>
				<div class="team-img-info">
							<div class="hello1">
							<img src="img/RP.jpg"></div>
							<div class="team-a">
							<h6>Rico Massimo</h6>
							<p>Coder</p></div>
							<div class="logo">
							<img src="img/Twitter.png">
							<img src="img/Facebook.png">
							<img src="img/Google+.png">
							</div>
				</div>
				<div class="team-img-info">
							<div class="hello1">
							<img src="img/MM.jpg"></div>
							<div class="team-a">
							<h6>Uku Mason</h6>
							<p>Graphic Designer</p></div>
							<div class="logo">
							<img src="img/Twitter.png">
							<img src="img/Pinterest.png">
							</div>
				</div><div class="clear"></div> 
				<div class="team-info2">
							<p>Proin iaculis purus consequat sem cure  digni ssim donec porttitora entum suscipit  
                             aenean rhoncus posuere odio in tincidunt proin iaculis.</p>
				</div>
</div>
</article>
<!-- ************************** Team sec end************************************-->
<!-- ************************** mid sec end************************************-->
<div class="container "> 
	<section class="block-img">
			<img src="img/Envato.png">
			<img src="img/WordPress.png">
			<img src="img/Tuts+.png">
			<img src="img/Microlancer-copy.png">
	</section></div>
<!-- ************************** mid sec end************************************-->
<!-- ************************** Map sec end************************************-->
 <form class="map-gallary"> 
		<div class="map-gal">
			<img src="img/map.png">
		</div>
		<div class="map-content">
				<h3>CONTACT US</h3>
				<p>Proin iaculis purus consequat sem cure. </p>
			<div class="row">
				<div class="col">
					<div class="form-gr1">
						<input type="text" placeholder="YOUR NAME*">
					</div>
					<div class="form-gr2">
						<input type="text" placeholder="YOUR E-MAIL*">
					</div>
					<div class="form-gr3">
						<input type="text" placeholder="SUBJECT">
					</div>
				</div>
				<div class="col2">
					<div class="form-gr4">
						<textarea class="form-control" placeholder="MASSAGE*"></textarea>
					</div>
				</div><div class="clear"></div> </div>
				<button class="button">SEND MASSAGE</button>
			</div>
		</form>
		</div>
</form>

<!-- ************************** Map sec end************************************-->
<footer class="container footer">
	<div class="footer-text">
		<p>© Copyright 2014 FreebiesXpress.com</p>
	</div>
	<div class="footer-img">
		<img src="img/Twitter1.png">
		<img src="img/Facebook1.png">
		<img src="img/Pinterest1.png">
		<img src="img/Google+1.png">
	</div>
</footer>
</body>
</html>